Archive member included to satisfy reference by file (symbol)

c:/st/stm32cubeide_1.12.0/stm32cubeide/plugins/com.st.stm32cube.ide.mcu.externaltools.gnu-tools-for-stm32.10.3-2021.10.win32_1.0.200.202301161003/tools/bin/../lib/gcc/arm-none-eabi/10.3.1/../../../../arm-none-eabi/lib/thumb/v7e-m+fp/hard\libc_nano.a(lib_a-errno.o)
                              ./Core/Src/syscalls.o (__errno)
c:/st/stm32cubeide_1.12.0/stm32cubeide/plugins/com.st.stm32cube.ide.mcu.externaltools.gnu-tools-for-stm32.10.3-2021.10.win32_1.0.200.202301161003/tools/bin/../lib/gcc/arm-none-eabi/10.3.1/../../../../arm-none-eabi/lib/thumb/v7e-m+fp/hard\libc_nano.a(lib_a-exit.o)
                              c:/st/stm32cubeide_1.12.0/stm32cubeide/plugins/com.st.stm32cube.ide.mcu.externaltools.gnu-tools-for-stm32.10.3-2021.10.win32_1.0.200.202301161003/tools/bin/../lib/gcc/arm-none-eabi/10.3.1/../../../../arm-none-eabi/lib/thumb/v7e-m+fp/hard/crt0.o (exit)
c:/st/stm32cubeide_1.12.0/stm32cubeide/plugins/com.st.stm32cube.ide.mcu.externaltools.gnu-tools-for-stm32.10.3-2021.10.win32_1.0.200.202301161003/tools/bin/../lib/gcc/arm-none-eabi/10.3.1/../../../../arm-none-eabi/lib/thumb/v7e-m+fp/hard\libc_nano.a(lib_a-impure.o)
                              c:/st/stm32cubeide_1.12.0/stm32cubeide/plugins/com.st.stm32cube.ide.mcu.externaltools.gnu-tools-for-stm32.10.3-2021.10.win32_1.0.200.202301161003/tools/bin/../lib/gcc/arm-none-eabi/10.3.1/../../../../arm-none-eabi/lib/thumb/v7e-m+fp/hard\libc_nano.a(lib_a-exit.o) (_global_impure_ptr)
c:/st/stm32cubeide_1.12.0/stm32cubeide/plugins/com.st.stm32cube.ide.mcu.externaltools.gnu-tools-for-stm32.10.3-2021.10.win32_1.0.200.202301161003/tools/bin/../lib/gcc/arm-none-eabi/10.3.1/../../../../arm-none-eabi/lib/thumb/v7e-m+fp/hard\libc_nano.a(lib_a-init.o)
                              c:/st/stm32cubeide_1.12.0/stm32cubeide/plugins/com.st.stm32cube.ide.mcu.externaltools.gnu-tools-for-stm32.10.3-2021.10.win32_1.0.200.202301161003/tools/bin/../lib/gcc/arm-none-eabi/10.3.1/../../../../arm-none-eabi/lib/thumb/v7e-m+fp/hard/crt0.o (__libc_init_array)
c:/st/stm32cubeide_1.12.0/stm32cubeide/plugins/com.st.stm32cube.ide.mcu.externaltools.gnu-tools-for-stm32.10.3-2021.10.win32_1.0.200.202301161003/tools/bin/../lib/gcc/arm-none-eabi/10.3.1/../../../../arm-none-eabi/lib/thumb/v7e-m+fp/hard\libc_nano.a(lib_a-malloc.o)
                              ./Middlewares/ST/STM32_USB_Host_Library/Class/CDC/Src/usbh_cdc.o (malloc)
c:/st/stm32cubeide_1.12.0/stm32cubeide/plugins/com.st.stm32cube.ide.mcu.externaltools.gnu-tools-for-stm32.10.3-2021.10.win32_1.0.200.202301161003/tools/bin/../lib/gcc/arm-none-eabi/10.3.1/../../../../arm-none-eabi/lib/thumb/v7e-m+fp/hard\libc_nano.a(lib_a-memset.o)
                              c:/st/stm32cubeide_1.12.0/stm32cubeide/plugins/com.st.stm32cube.ide.mcu.externaltools.gnu-tools-for-stm32.10.3-2021.10.win32_1.0.200.202301161003/tools/bin/../lib/gcc/arm-none-eabi/10.3.1/../../../../arm-none-eabi/lib/thumb/v7e-m+fp/hard/crt0.o (memset)
c:/st/stm32cubeide_1.12.0/stm32cubeide/plugins/com.st.stm32cube.ide.mcu.externaltools.gnu-tools-for-stm32.10.3-2021.10.win32_1.0.200.202301161003/tools/bin/../lib/gcc/arm-none-eabi/10.3.1/../../../../arm-none-eabi/lib/thumb/v7e-m+fp/hard\libc_nano.a(lib_a-nano-freer.o)
                              c:/st/stm32cubeide_1.12.0/stm32cubeide/plugins/com.st.stm32cube.ide.mcu.externaltools.gnu-tools-for-stm32.10.3-2021.10.win32_1.0.200.202301161003/tools/bin/../lib/gcc/arm-none-eabi/10.3.1/../../../../arm-none-eabi/lib/thumb/v7e-m+fp/hard\libc_nano.a(lib_a-malloc.o) (_free_r)
c:/st/stm32cubeide_1.12.0/stm32cubeide/plugins/com.st.stm32cube.ide.mcu.externaltools.gnu-tools-for-stm32.10.3-2021.10.win32_1.0.200.202301161003/tools/bin/../lib/gcc/arm-none-eabi/10.3.1/../../../../arm-none-eabi/lib/thumb/v7e-m+fp/hard\libc_nano.a(lib_a-nano-mallocr.o)
                              c:/st/stm32cubeide_1.12.0/stm32cubeide/plugins/com.st.stm32cube.ide.mcu.externaltools.gnu-tools-for-stm32.10.3-2021.10.win32_1.0.200.202301161003/tools/bin/../lib/gcc/arm-none-eabi/10.3.1/../../../../arm-none-eabi/lib/thumb/v7e-m+fp/hard\libc_nano.a(lib_a-malloc.o) (_malloc_r)
c:/st/stm32cubeide_1.12.0/stm32cubeide/plugins/com.st.stm32cube.ide.mcu.externaltools.gnu-tools-for-stm32.10.3-2021.10.win32_1.0.200.202301161003/tools/bin/../lib/gcc/arm-none-eabi/10.3.1/../../../../arm-none-eabi/lib/thumb/v7e-m+fp/hard\libc_nano.a(lib_a-sbrkr.o)
                              c:/st/stm32cubeide_1.12.0/stm32cubeide/plugins/com.st.stm32cube.ide.mcu.externaltools.gnu-tools-for-stm32.10.3-2021.10.win32_1.0.200.202301161003/tools/bin/../lib/gcc/arm-none-eabi/10.3.1/../../../../arm-none-eabi/lib/thumb/v7e-m+fp/hard\libc_nano.a(lib_a-nano-mallocr.o) (_sbrk_r)
c:/st/stm32cubeide_1.12.0/stm32cubeide/plugins/com.st.stm32cube.ide.mcu.externaltools.gnu-tools-for-stm32.10.3-2021.10.win32_1.0.200.202301161003/tools/bin/../lib/gcc/arm-none-eabi/10.3.1/../../../../arm-none-eabi/lib/thumb/v7e-m+fp/hard\libc_nano.a(lib_a-mlock.o)
[...]
Memory Configuration

Name             Origin             Length             Attributes
CCMRAM           0x0000000010000000 0x0000000000010000 xrw
RAM              0x0000000020000000 0x0000000000020000 xrw
FLASH            0x0000000008000000 0x0000000000100000 xr
*default*        0x0000000000000000 0xffffffffffffffff

Linker script and memory map

LOAD c:/st/stm32cubeide_1.12.0/stm32cubeide/plugins/com.st.stm32cube.ide.mcu.externaltools.gnu-tools-for-stm32.10.3-2021.10.win32_1.0.200.202301161003/tools/bin/../lib/gcc/arm-none-eabi/10.3.1/thumb/v7e-m+fp/hard/crti.o
LOAD c:/st/stm32cubeide_1.12.0/stm32cubeide/plugins/com.st.stm32cube.ide.mcu.externaltools.gnu-tools-for-stm32.10.3-2021.10.win32_1.0.200.202301161003/tools/bin/../lib/gcc/arm-none-eabi/10.3.1/thumb/v7e-m+fp/hard/crtbegin.o
LOAD c:/st/stm32cubeide_1.12.0/stm32cubeide/plugins/com.st.stm32cube.ide.mcu.externaltools.gnu-tools-for-stm32.10.3-2021.10.win32_1.0.200.202301161003/tools/bin/../lib/gcc/arm-none-eabi/10.3.1/../../../../arm-none-eabi/lib/thumb/v7e-m+fp/hard/crt0.o
LOAD ./Core/Src/main.o
LOAD ./Core/Src/stm32f4xx_hal_msp.o
LOAD ./Core/Src/stm32f4xx_it.o
LOAD ./Core/Src/syscalls.o
LOAD ./Core/Src/sysmem.o
LOAD ./Core/Src/system_stm32f4xx.o
LOAD ./Core/Startup/startup_stm32f407vgtx.o
LOAD ./Drivers/STM32F4xx_HAL_Driver/Src/stm32f4xx_hal.o
LOAD ./Drivers/STM32F4xx_HAL_Driver/Src/stm32f4xx_hal_cortex.o
LOAD ./Drivers/STM32F4xx_HAL_Driver/Src/stm32f4xx_hal_dma.o
LOAD ./Drivers/STM32F4xx_HAL_Driver/Src/stm32f4xx_hal_dma_ex.o
LOAD ./Drivers/STM32F4xx_HAL_Driver/Src/stm32f4xx_hal_exti.o
LOAD ./Drivers/STM32F4xx_HAL_Driver/Src/stm32f4xx_hal_flash.o
LOAD ./Drivers/STM32F4xx_HAL_Driver/Src/stm32f4xx_hal_flash_ex.o
LOAD ./Drivers/STM32F4xx_HAL_Driver/Src/stm32f4xx_hal_flash_ramfunc.o
LOAD ./Drivers/STM32F4xx_HAL_Driver/Src/stm32f4xx_hal_gpio.o
LOAD ./Drivers/STM32F4xx_HAL_Driver/Src/stm32f4xx_hal_hcd.o
LOAD ./Drivers/STM32F4xx_HAL_Driver/Src/stm32f4xx_hal_i2c.o
LOAD ./Drivers/STM32F4xx_HAL_Driver/Src/stm32f4xx_hal_i2c_ex.o
LOAD ./Drivers/STM32F4xx_HAL_Driver/Src/stm32f4xx_hal_i2s.o
LOAD ./Drivers/STM32F4xx_HAL_Driver/Src/stm32f4xx_hal_i2s_ex.o
LOAD ./Drivers/STM32F4xx_HAL_Driver/Src/stm32f4xx_hal_pwr.o
LOAD ./Drivers/STM32F4xx_HAL_Driver/Src/stm32f4xx_hal_pwr_ex.o
LOAD ./Drivers/STM32F4xx_HAL_Driver/Src/stm32f4xx_hal_rcc.o
LOAD ./Drivers/STM32F4xx_HAL_Driver/Src/stm32f4xx_hal_rcc_ex.o
LOAD ./Drivers/STM32F4xx_HAL_Driver/Src/stm32f4xx_hal_spi.o
LOAD ./Drivers/STM32F4xx_HAL_Driver/Src/stm32f4xx_hal_tim.o
LOAD ./Drivers/STM32F4xx_HAL_Driver/Src/stm32f4xx_hal_tim_ex.o
LOAD ./Drivers/STM32F4xx_HAL_Driver/Src/stm32f4xx_ll_usb.o
LOAD ./Middlewares/ST/STM32_USB_Host_Library/Class/CDC/Src/usbh_cdc.o
LOAD ./Middlewares/ST/STM32_USB_Host_Library/Core/Src/usbh_core.o
LOAD ./Middlewares/ST/STM32_USB_Host_Library/Core/Src/usbh_ctlreq.o
LOAD ./Middlewares/ST/STM32_USB_Host_Library/Core/Src/usbh_ioreq.o
LOAD ./Middlewares/ST/STM32_USB_Host_Library/Core/Src/usbh_pipes.o
LOAD ./USB_HOST/App/usb_host.o
LOAD ./USB_HOST/Target/usbh_conf.o
LOAD ./USB_HOST/Target/usbh_platform.o
START GROUP
LOAD c:/st/stm32cubeide_1.12.0/stm32cubeide/plugins/com.st.stm32cube.ide.mcu.externaltools.gnu-tools-for-stm32.10.3-2021.10.win32_1.0.200.202301161003/tools/bin/../lib/gcc/arm-none-eabi/10.3.1/../../../../arm-none-eabi/lib/thumb/v7e-m+fp/hard\libstdc++_nano.a
LOAD c:/st/stm32cubeide_1.12.0/stm32cubeide/plugins/com.st.stm32cube.ide.mcu.externaltools.gnu-tools-for-stm32.10.3-2021.10.win32_1.0.200.202301161003/tools/bin/../lib/gcc/arm-none-eabi/10.3.1/../../../../arm-none-eabi/lib/thumb/v7e-m+fp/hard\libsupc++_nano.a
END GROUP
LOAD c:/st/stm32cubeide_1.12.0/stm32cubeide/plugins/com.st.stm32cube.ide.mcu.externaltools.gnu-tools-for-stm32.10.3-2021.10.win32_1.0.200.202301161003/tools/bin/../lib/gcc/arm-none-eabi/10.3.1/../../../../arm-none-eabi/lib/thumb/v7e-m+fp/hard\libstdc++_nano.a
LOAD c:/st/stm32cubeide_1.12.0/stm32cubeide/plugins/com.st.stm32cube.ide.mcu.externaltools.gnu-tools-for-stm32.10.3-2021.10.win32_1.0.200.202301161003/tools/bin/../lib/gcc/arm-none-eabi/10.3.1/../../../../arm-none-eabi/lib/thumb/v7e-m+fp/hard\libm.a
LOAD c:/st/stm32cubeide_1.12.0/stm32cubeide/plugins/com.st.stm32cube.ide.mcu.externaltools.gnu-tools-for-stm32.10.3-2021.10.win32_1.0.200.202301161003/tools/bin/../lib/gcc/arm-none-eabi/10.3.1/../../../../arm-none-eabi/lib/thumb/v7e-m+fp/hard\libc_nano.a
START GROUP
LOAD c:/st/stm32cubeide_1.12.0/stm32cubeide/plugins/com.st.stm32cube.ide.mcu.externaltools.gnu-tools-for-stm32.10.3-2021.10.win32_1.0.200.202301161003/tools/bin/../lib/gcc/arm-none-eabi/10.3.1/thumb/v7e-m+fp/hard\libgcc.a
LOAD c:/st/stm32cubeide_1.12.0/stm32cubeide/plugins/com.st.stm32cube.ide.mcu.externaltools.gnu-tools-for-stm32.10.3-2021.10.win32_1.0.200.202301161003/tools/bin/../lib/gcc/arm-none-eabi/10.3.1/../../../../arm-none-eabi/lib/thumb/v7e-m+fp/hard\libc_nano.a
END GROUP
START GROUP
LOAD c:/st/stm32cubeide_1.12.0/stm32cubeide/plugins/com.st.stm32cube.ide.mcu.externaltools.gnu-tools-for-stm32.10.3-2021.10.win32_1.0.200.202301161003/tools/bin/../lib/gcc/arm-none-eabi/10.3.1/thumb/v7e-m+fp/hard\libgcc.a
LOAD c:/st/stm32cubeide_1.12.0/stm32cubeide/plugins/com.st.stm32cube.ide.mcu.externaltools.gnu-tools-for-stm32.10.3-2021.10.win32_1.0.200.202301161003/tools/bin/../lib/gcc/arm-none-eabi/10.3.1/../../../../arm-none-eabi/lib/thumb/v7e-m+fp/hard\libc_nano.a
LOAD c:/st/stm32cubeide_1.12.0/stm32cubeide/plugins/com.st.stm32cube.ide.mcu.externaltools.gnu-tools-for-stm32.10.3-2021.10.win32_1.0.200.202301161003/tools/bin/../lib/gcc/arm-none-eabi/10.3.1/../../../../arm-none-eabi/lib/thumb/v7e-m+fp/hard\libnosys.a
END GROUP
START GROUP
LOAD c:/st/stm32cubeide_1.12.0/stm32cubeide/plugins/com.st.stm32cube.ide.mcu.externaltools.gnu-tools-for-stm32.10.3-2021.10.win32_1.0.200.202301161003/tools/bin/../lib/gcc/arm-none-eabi/10.3.1/thumb/v7e-m+fp/hard\libgcc.a
LOAD c:/st/stm32cubeide_1.12.0/stm32cubeide/plugins/com.st.stm32cube.ide.mcu.externaltools.gnu-tools-for-stm32.10.3-2021.10.win32_1.0.200.202301161003/tools/bin/../lib/gcc/arm-none-eabi/10.3.1/../../../../arm-none-eabi/lib/thumb/v7e-m+fp/hard\libc_nano.a
LOAD c:/st/stm32cubeide_1.12.0/stm32cubeide/plugins/com.st.stm32cube.ide.mcu.externaltools.gnu-tools-for-stm32.10.3-2021.10.win32_1.0.200.202301161003/tools/bin/../lib/gcc/arm-none-eabi/10.3.1/../../../../arm-none-eabi/lib/thumb/v7e-m+fp/hard\libnosys.a
END GROUP
LOAD c:/st/stm32cubeide_1.12.0/stm32cubeide/plugins/com.st.stm32cube.ide.mcu.externaltools.gnu-tools-for-stm32.10.3-2021.10.win32_1.0.200.202301161003/tools/bin/../lib/gcc/arm-none-eabi/10.3.1/thumb/v7e-m+fp/hard/crtend.o
LOAD c:/st/stm32cubeide_1.12.0/stm32cubeide/plugins/com.st.stm32cube.ide.mcu.externaltools.gnu-tools-for-stm32.10.3-2021.10.win32_1.0.200.202301161003/tools/bin/../lib/gcc/arm-none-eabi/10.3.1/thumb/v7e-m+fp/hard/crtn.o
                0x0000000020020000                _estack = (ORIGIN (RAM) + LENGTH (RAM))
                0x0000000000000200                _Min_Heap_Size = 0x200
                0x0000000000000400                _Min_Stack_Size = 0x400

.isr_vector     0x0000000008000000      0x188
                0x0000000008000000                . = ALIGN (0x4)
 *(.isr_vector)
 .isr_vector    0x0000000008000000      0x188 ./Core/Startup/startup_stm32f407vgtx.o
                0x0000000008000000                g_pfnVectors
                0x0000000008000188                . = ALIGN (0x4)

.text           0x0000000008000188     0x23bc
                0x0000000008000188                . = ALIGN (0x4)
 *(.text)
 .text          0x0000000008000188       0x40 c:/st/stm32cubeide_1.12.0/stm32cubeide/plugins/com.st.stm32cube.ide.mcu.externaltools.gnu-tools-for-stm32.10.3-2021.10.win32_1.0.200.202301161003/tools/bin/../lib/gcc/arm-none-eabi/10.3.1/thumb/v7e-m+fp/hard/crtbegin.o
 *(.text*)
 .text.main     0x00000000080001c8       0x58 ./Core/Src/main.o
                0x00000000080001c8                main
 .text.MX_GPIO15_Init
                0x0000000008000220       0x5c ./Core/Src/main.o
 .text.MX_GPIO13_Init
                0x000000000800027c       0x5c ./Core/Src/main.o
 .text.HAL_MspInit
                0x00000000080002d8       0x50 ./Core/Src/stm32f4xx_hal_msp.o
                0x00000000080002d8                HAL_MspInit
 .text.NMI_Handler
                0x0000000008000328        0x6 ./Core/Src/stm32f4xx_it.o
                0x0000000008000328                NMI_Handler
 .text.HardFault_Handler
                0x000000000800032e        0x6 ./Core/Src/stm32f4xx_it.o
                0x000000000800032e                HardFault_Handler
 .text.MemManage_Handler
                0x0000000008000334        0x6 ./Core/Src/stm32f4xx_it.o
                0x0000000008000334                MemManage_Handler
 .text.BusFault_Handler
                0x000000000800033a        0x6 ./Core/Src/stm32f4xx_it.o
                0x000000000800033a                BusFault_Handler
 .text.UsageFault_Handler
                0x0000000008000340        0x6 ./Core/Src/stm32f4xx_it.o
                0x0000000008000340                UsageFault_Handler
 .text.SVC_Handler
                0x0000000008000346        0xe ./Core/Src/stm32f4xx_it.o
                0x0000000008000346                SVC_Handler
 .text.DebugMon_Handler
                0x0000000008000354        0xe ./Core/Src/stm32f4xx_it.o
                0x0000000008000354                DebugMon_Handler
 .text.PendSV_Handler
                0x0000000008000362        0xe ./Core/Src/stm32f4xx_it.o
                0x0000000008000362                PendSV_Handler
 .text.SysTick_Handler
                0x0000000008000370        0xc ./Core/Src/stm32f4xx_it.o
                0x0000000008000370                SysTick_Handler
 .text.OTG_FS_IRQHandler
                0x000000000800037c       0x14 ./Core/Src/stm32f4xx_it.o
                0x000000000800037c                OTG_FS_IRQHandler
 .text.SystemInit
                0x0000000008000390       0x24 ./Core/Src/system_stm32f4xx.o
                0x0000000008000390                SystemInit
 .text.Reset_Handler
                0x00000000080003b4       0x50 ./Core/Startup/startup_stm32f407vgtx.o
                0x00000000080003b4                Reset_Handler
 .text.Default_Handler
                0x0000000008000404        0x2 ./Core/Startup/startup_stm32f407vgtx.o
                0x0000000008000404                RTC_Alarm_IRQHandler
                0x0000000008000404                HASH_RNG_IRQHandler
                0x0000000008000404                EXTI2_IRQHandler
                0x0000000008000404                TIM8_CC_IRQHandler
                0x0000000008000404                TIM1_CC_IRQHandler
                0x0000000008000404                DMA2_Stream5_IRQHandler
                0x0000000008000404                DMA1_Stream5_IRQHandler
                0x0000000008000404                PVD_IRQHandler
                0x0000000008000404                SDIO_IRQHandler
                0x0000000008000404                TAMP_STAMP_IRQHandler
                0x0000000008000404                CAN2_RX1_IRQHandler
                0x0000000008000404                EXTI3_IRQHandler
                0x0000000008000404                TIM8_TRG_COM_TIM14_IRQHandler
                0x0000000008000404                TIM1_UP_TIM10_IRQHandler
                0x0000000008000404                TIM8_UP_TIM13_IRQHandler
                0x0000000008000404                I2C3_ER_IRQHandler
                0x0000000008000404                EXTI0_IRQHandler
                0x0000000008000404                I2C2_EV_IRQHandler
                0x0000000008000404                DMA1_Stream2_IRQHandler
                0x0000000008000404                CAN1_RX0_IRQHandler
                0x0000000008000404                FPU_IRQHandler
                0x0000000008000404                OTG_HS_WKUP_IRQHandler
                0x0000000008000404                CAN2_SCE_IRQHandler
                0x0000000008000404                DMA2_Stream2_IRQHandler
                0x0000000008000404                SPI1_IRQHandler
                0x0000000008000404                TIM6_DAC_IRQHandler
                0x0000000008000404                TIM1_BRK_TIM9_IRQHandler
                0x0000000008000404                DCMI_IRQHandler
                0x0000000008000404                CAN2_RX0_IRQHandler
                0x0000000008000404                DMA2_Stream3_IRQHandler
                0x0000000008000404                USART6_IRQHandler
                0x0000000008000404                USART3_IRQHandler
                0x0000000008000404                CAN1_RX1_IRQHandler
                0x0000000008000404                UART5_IRQHandler
                0x0000000008000404                DMA2_Stream0_IRQHandler
                0x0000000008000404                TIM4_IRQHandler
                0x0000000008000404                I2C1_EV_IRQHandler
                0x0000000008000404                DMA1_Stream6_IRQHandler
                0x0000000008000404                DMA1_Stream1_IRQHandler
                0x0000000008000404                UART4_IRQHandler
                0x0000000008000404                TIM3_IRQHandler
                0x0000000008000404                RCC_IRQHandler
                0x0000000008000404                TIM8_BRK_TIM12_IRQHandler
                0x0000000008000404                Default_Handler
                0x0000000008000404                EXTI15_10_IRQHandler
                0x0000000008000404                ADC_IRQHandler
                0x0000000008000404                DMA1_Stream7_IRQHandler
                0x0000000008000404                TIM7_IRQHandler
                0x0000000008000404                CAN2_TX_IRQHandler
                0x0000000008000404                TIM5_IRQHandler
                0x0000000008000404                DMA2_Stream7_IRQHandler
                0x0000000008000404                I2C3_EV_IRQHandler
                0x0000000008000404                EXTI9_5_IRQHandler
                0x0000000008000404                RTC_WKUP_IRQHandler
                0x0000000008000404                ETH_WKUP_IRQHandler
                0x0000000008000404                SPI2_IRQHandler
                0x0000000008000404                OTG_HS_EP1_IN_IRQHandler
                0x0000000008000404                DMA1_Stream0_IRQHandler
                0x0000000008000404                CAN1_TX_IRQHandler
                0x0000000008000404                EXTI4_IRQHandler
                0x0000000008000404                FSMC_IRQHandler
                0x0000000008000404                ETH_IRQHandler
                0x0000000008000404                OTG_HS_EP1_OUT_IRQHandler
                0x0000000008000404                WWDG_IRQHandler
                0x0000000008000404                TIM2_IRQHandler
                0x0000000008000404                OTG_FS_WKUP_IRQHandler
                0x0000000008000404                TIM1_TRG_COM_TIM11_IRQHandler
                0x0000000008000404                OTG_HS_IRQHandler
                0x0000000008000404                EXTI1_IRQHandler
                0x0000000008000404                USART2_IRQHandler
                0x0000000008000404                I2C2_ER_IRQHandler
                0x0000000008000404                DMA2_Stream1_IRQHandler
                0x0000000008000404                CAN1_SCE_IRQHandler
                0x0000000008000404                FLASH_IRQHandler
                0x0000000008000404                DMA2_Stream4_IRQHandler
                0x0000000008000404                USART1_IRQHandler
                0x0000000008000404                SPI3_IRQHandler
                0x0000000008000404                DMA1_Stream4_IRQHandler
                0x0000000008000404                I2C1_ER_IRQHandler
                0x0000000008000404                DMA2_Stream6_IRQHandler
                0x0000000008000404                DMA1_Stream3_IRQHandler
 *fill*         0x0000000008000406        0x2 
 .text.HAL_Init
                0x0000000008000408       0x44 ./Drivers/STM32F4xx_HAL_Driver/Src/stm32f4xx_hal.o
                0x0000000008000408                HAL_Init
 .text.HAL_InitTick
                0x000000000800044c       0x60 ./Drivers/STM32F4xx_HAL_Driver/Src/stm32f4xx_hal.o
                0x000000000800044c                HAL_InitTick
 .text.HAL_IncTick
                0x00000000080004ac       0x28 ./Drivers/STM32F4xx_HAL_Driver/Src/stm32f4xx_hal.o
                0x00000000080004ac                HAL_IncTick
 .text.HAL_GetTick
                0x00000000080004d4       0x18 ./Drivers/STM32F4xx_HAL_Driver/Src/stm32f4xx_hal.o
                0x00000000080004d4                HAL_GetTick
 .text.HAL_Delay
                0x00000000080004ec       0x48 ./Drivers/STM32F4xx_HAL_Driver/Src/stm32f4xx_hal.o
                0x00000000080004ec                HAL_Delay
 .text.__NVIC_SetPriorityGrouping
                0x0000000008000534       0x48 ./Drivers/STM32F4xx_HAL_Driver/Src/stm32f4xx_hal_cortex.o
 .text.__NVIC_GetPriorityGrouping
                0x000000000800057c       0x1c ./Drivers/STM32F4xx_HAL_Driver/Src/stm32f4xx_hal_cortex.o
 .text.__NVIC_SetPriority
                0x0000000008000598       0x54 ./Drivers/STM32F4xx_HAL_Driver/Src/stm32f4xx_hal_cortex.o
 .text.NVIC_EncodePriority
                0x00000000080005ec       0x66 ./Drivers/STM32F4xx_HAL_Driver/Src/stm32f4xx_hal_cortex.o
 *fill*         0x0000000008000652        0x2 
 .text.SysTick_Config
                0x0000000008000654       0x44 ./Drivers/STM32F4xx_HAL_Driver/Src/stm32f4xx_hal_cortex.o
 .text.HAL_NVIC_SetPriorityGrouping
                0x0000000008000698       0x16 ./Drivers/STM32F4xx_HAL_Driver/Src/stm32f4xx_hal_cortex.o
                0x0000000008000698                HAL_NVIC_SetPriorityGrouping
 .text.HAL_NVIC_SetPriority
                0x00000000080006ae       0x38 ./Drivers/STM32F4xx_HAL_Driver/Src/stm32f4xx_hal_cortex.o
                0x00000000080006ae                HAL_NVIC_SetPriority
 .text.HAL_SYSTICK_Config
                0x00000000080006e6       0x18 ./Drivers/STM32F4xx_HAL_Driver/Src/stm32f4xx_hal_cortex.o
                0x00000000080006e6                HAL_SYSTICK_Config
 *fill*         0x00000000080006fe        0x2 
 .text.HAL_GPIO_Init
                0x0000000008000700      0x338 ./Drivers/STM32F4xx_HAL_Driver/Src/stm32f4xx_hal_gpio.o
                0x0000000008000700                HAL_GPIO_Init
 .text.HAL_GPIO_WritePin
                0x0000000008000a38       0x32 ./Drivers/STM32F4xx_HAL_Driver/Src/stm32f4xx_hal_gpio.o
                0x0000000008000a38                HAL_GPIO_WritePin
 .text.HAL_HCD_IRQHandler
                0x0000000008000a6a      0x216 ./Drivers/STM32F4xx_HAL_Driver/Src/stm32f4xx_hal_hcd.o
                0x0000000008000a6a                HAL_HCD_IRQHandler
 .text.HAL_HCD_Stop
                0x0000000008000c80       0x3a ./Drivers/STM32F4xx_HAL_Driver/Src/stm32f4xx_hal_hcd.o
                0x0000000008000c80                HAL_HCD_Stop
 .text.HCD_HC_IN_IRQHandler
                0x0000000008000cba      0x6aa ./Drivers/STM32F4xx_HAL_Driver/Src/stm32f4xx_hal_hcd.o
 .text.HCD_HC_OUT_IRQHandler
                0x0000000008001364      0x6d2 ./Drivers/STM32F4xx_HAL_Driver/Src/stm32f4xx_hal_hcd.o
 .text.HCD_RXQLVL_IRQHandler
                0x0000000008001a36      0x1a4 ./Drivers/STM32F4xx_HAL_Driver/Src/stm32f4xx_hal_hcd.o
 .text.HCD_Port_IRQHandler
                0x0000000008001bda       0xe6 ./Drivers/STM32F4xx_HAL_Driver/Src/stm32f4xx_hal_hcd.o
 .text.USB_EnableGlobalInt
                0x0000000008001cc0       0x22 ./Drivers/STM32F4xx_HAL_Driver/Src/stm32f4xx_ll_usb.o
                0x0000000008001cc0                USB_EnableGlobalInt
 .text.USB_DisableGlobalInt
                0x0000000008001ce2       0x22 ./Drivers/STM32F4xx_HAL_Driver/Src/stm32f4xx_ll_usb.o
                0x0000000008001ce2                USB_DisableGlobalInt
 .text.USB_FlushTxFifo
                0x0000000008001d04       0x68 ./Drivers/STM32F4xx_HAL_Driver/Src/stm32f4xx_ll_usb.o
                0x0000000008001d04                USB_FlushTxFifo
 .text.USB_FlushRxFifo
                0x0000000008001d6c       0x60 ./Drivers/STM32F4xx_HAL_Driver/Src/stm32f4xx_ll_usb.o
                0x0000000008001d6c                USB_FlushRxFifo
 .text.USB_ReadPacket
                0x0000000008001dcc       0xb0 ./Drivers/STM32F4xx_HAL_Driver/Src/stm32f4xx_ll_usb.o
                0x0000000008001dcc                USB_ReadPacket
 .text.USB_ReadInterrupts
                0x0000000008001e7c       0x26 ./Drivers/STM32F4xx_HAL_Driver/Src/stm32f4xx_ll_usb.o
                0x0000000008001e7c                USB_ReadInterrupts
 .text.USB_GetMode
                0x0000000008001ea2       0x1c ./Drivers/STM32F4xx_HAL_Driver/Src/stm32f4xx_ll_usb.o
                0x0000000008001ea2                USB_GetMode
 .text.USB_InitFSLSPClkSel
                0x0000000008001ebe       0x74 ./Drivers/STM32F4xx_HAL_Driver/Src/stm32f4xx_ll_usb.o
                0x0000000008001ebe                USB_InitFSLSPClkSel
 .text.USB_HC_ReadInterrupt
                0x0000000008001f32       0x22 ./Drivers/STM32F4xx_HAL_Driver/Src/stm32f4xx_ll_usb.o
                0x0000000008001f32                USB_HC_ReadInterrupt
 .text.USB_HC_Halt
                0x0000000008001f54      0x1f8 ./Drivers/STM32F4xx_HAL_Driver/Src/stm32f4xx_ll_usb.o
                0x0000000008001f54                USB_HC_Halt
 .text.USB_StopHost
                0x000000000800214c      0x124 ./Drivers/STM32F4xx_HAL_Driver/Src/stm32f4xx_ll_usb.o
                0x000000000800214c                USB_StopHost
 .text.USBH_LL_IncTimer
                0x0000000008002270       0x24 ./Middlewares/ST/STM32_USB_Host_Library/Core/Src/usbh_core.o
                0x0000000008002270                USBH_LL_IncTimer
 .text.USBH_HandleSof
                0x0000000008002294       0x30 ./Middlewares/ST/STM32_USB_Host_Library/Core/Src/usbh_core.o
 .text.USBH_LL_PortEnabled
                0x00000000080022c4       0x1c ./Middlewares/ST/STM32_USB_Host_Library/Core/Src/usbh_core.o
                0x00000000080022c4                USBH_LL_PortEnabled
 .text.USBH_LL_PortDisabled
                0x00000000080022e0       0x1c ./Middlewares/ST/STM32_USB_Host_Library/Core/Src/usbh_core.o
                0x00000000080022e0                USBH_LL_PortDisabled
 .text.USBH_LL_Connect
                0x00000000080022fc       0x2e ./Middlewares/ST/STM32_USB_Host_Library/Core/Src/usbh_core.o
                0x00000000080022fc                USBH_LL_Connect
 .text.USBH_LL_Disconnect
                0x000000000800232a       0x48 ./Middlewares/ST/STM32_USB_Host_Library/Core/Src/usbh_core.o
                0x000000000800232a                USBH_LL_Disconnect
 .text.USBH_FreePipe
                0x0000000008002372       0x3c ./Middlewares/ST/STM32_USB_Host_Library/Core/Src/usbh_pipes.o
                0x0000000008002372                USBH_FreePipe
 .text.HAL_HCD_SOF_Callback
                0x00000000080023ae       0x1c ./USB_HOST/Target/usbh_conf.o
                0x00000000080023ae                HAL_HCD_SOF_Callback
 .text.HAL_HCD_Connect_Callback
                0x00000000080023ca       0x1c ./USB_HOST/Target/usbh_conf.o
                0x00000000080023ca                HAL_HCD_Connect_Callback
 .text.HAL_HCD_Disconnect_Callback
                0x00000000080023e6       0x1c ./USB_HOST/Target/usbh_conf.o
                0x00000000080023e6                HAL_HCD_Disconnect_Callback
 .text.HAL_HCD_HC_NotifyURBChange_Callback
                0x0000000008002402       0x1c ./USB_HOST/Target/usbh_conf.o
                0x0000000008002402                HAL_HCD_HC_NotifyURBChange_Callback
 .text.HAL_HCD_PortEnabled_Callback
                0x000000000800241e       0x1c ./USB_HOST/Target/usbh_conf.o
                0x000000000800241e                HAL_HCD_PortEnabled_Callback
 .text.HAL_HCD_PortDisabled_Callback
                0x000000000800243a       0x1c ./USB_HOST/Target/usbh_conf.o
                0x000000000800243a                HAL_HCD_PortDisabled_Callback
 .text.USBH_LL_Stop
                0x0000000008002456       0x36 ./USB_HOST/Target/usbh_conf.o
                0x0000000008002456                USBH_LL_Stop
 .text.USBH_Get_USB_Status
                0x000000000800248c       0x58 ./USB_HOST/Target/usbh_conf.o
                0x000000000800248c                USBH_Get_USB_Status
 .text.__libc_init_array
                0x00000000080024e4       0x48 c:/st/stm32cubeide_1.12.0/stm32cubeide/plugins/com.st.stm32cube.ide.mcu.externaltools.gnu-tools-for-stm32.10.3-2021.10.win32_1.0.200.202301161003/tools/bin/../lib/gcc/arm-none-eabi/10.3.1/../../../../arm-none-eabi/lib/thumb/v7e-m+fp/hard\libc_nano.a(lib_a-init.o)
                0x00000000080024e4                __libc_init_array
 *(.glue_7)
 .glue_7        0x000000000800252c        0x0 linker stubs
 *(.glue_7t)
 .glue_7t       0x000000000800252c        0x0 linker stubs
 *(.eh_frame)
 .eh_frame      0x000000000800252c        0x0 c:/st/stm32cubeide_1.12.0/stm32cubeide/plugins/com.st.stm32cube.ide.mcu.externaltools.gnu-tools-for-stm32.10.3-2021.10.win32_1.0.200.202301161003/tools/bin/../lib/gcc/arm-none-eabi/10.3.1/thumb/v7e-m+fp/hard/crtbegin.o
 *(.init)
 .init          0x000000000800252c        0x4 c:/st/stm32cubeide_1.12.0/stm32cubeide/plugins/com.st.stm32cube.ide.mcu.externaltools.gnu-tools-for-stm32.10.3-2021.10.win32_1.0.200.202301161003/tools/bin/../lib/gcc/arm-none-eabi/10.3.1/thumb/v7e-m+fp/hard/crti.o
                0x000000000800252c                _init
 .init          0x0000000008002530        0x8 c:/st/stm32cubeide_1.12.0/stm32cubeide/plugins/com.st.stm32cube.ide.mcu.externaltools.gnu-tools-for-stm32.10.3-2021.10.win32_1.0.200.202301161003/tools/bin/../lib/gcc/arm-none-eabi/10.3.1/thumb/v7e-m+fp/hard/crtn.o
 *(.fini)
 .fini          0x0000000008002538        0x4 c:/st/stm32cubeide_1.12.0/stm32cubeide/plugins/com.st.stm32cube.ide.mcu.externaltools.gnu-tools-for-stm32.10.3-2021.10.win32_1.0.200.202301161003/tools/bin/../lib/gcc/arm-none-eabi/10.3.1/thumb/v7e-m+fp/hard/crti.o
                0x0000000008002538                _fini
 .fini          0x000000000800253c        0x8 c:/st/stm32cubeide_1.12.0/stm32cubeide/plugins/com.st.stm32cube.ide.mcu.externaltools.gnu-tools-for-stm32.10.3-2021.10.win32_1.0.200.202301161003/tools/bin/../lib/gcc/arm-none-eabi/10.3.1/thumb/v7e-m+fp/hard/crtn.o
                0x0000000008002544                . = ALIGN (0x4)
                0x0000000008002544                _etext = .

.vfp11_veneer   0x0000000008002544        0x0
 .vfp11_veneer  0x0000000008002544        0x0 linker stubs

.v4_bx          0x0000000008002544        0x0
 .v4_bx         0x0000000008002544        0x0 linker stubs

.iplt           0x0000000008002544        0x0
 .iplt          0x0000000008002544        0x0 c:/st/stm32cubeide_1.12.0/stm32cubeide/plugins/com.st.stm32cube.ide.mcu.externaltools.gnu-tools-for-stm32.10.3-2021.10.win32_1.0.200.202301161003/tools/bin/../lib/gcc/arm-none-eabi/10.3.1/thumb/v7e-m+fp/hard/crtbegin.o

.rel.dyn        0x0000000008002544        0x0
 .rel.iplt      0x0000000008002544        0x0 c:/st/stm32cubeide_1.12.0/stm32cubeide/plugins/com.st.stm32cube.ide.mcu.externaltools.gnu-tools-for-stm32.10.3-2021.10.win32_1.0.200.202301161003/tools/bin/../lib/gcc/arm-none-eabi/10.3.1/thumb/v7e-m+fp/hard/crtbegin.o

.rodata         0x0000000008002544        0x0
                0x0000000008002544                . = ALIGN (0x4)
 *(.rodata)
 *(.rodata*)
                0x0000000008002544                . = ALIGN (0x4)

.ARM.extab      0x0000000008002544        0x0
                0x0000000008002544                . = ALIGN (0x4)
 *(.ARM.extab* .gnu.linkonce.armextab.*)
                0x0000000008002544                . = ALIGN (0x4)

.ARM            0x0000000008002544        0x0
                0x0000000008002544                . = ALIGN (0x4)
                0x0000000008002544                __exidx_start = .
 *(.ARM.exidx*)
                0x0000000008002544                __exidx_end = .
                0x0000000008002544                . = ALIGN (0x4)

.preinit_array  0x0000000008002544        0x0
                0x0000000008002544                . = ALIGN (0x4)
                0x0000000008002544                PROVIDE (__preinit_array_start = .)
 *(.preinit_array*)
                0x0000000008002544                PROVIDE (__preinit_array_end = .)
                0x0000000008002544                . = ALIGN (0x4)

.init_array     0x0000000008002544        0x4
                0x0000000008002544                . = ALIGN (0x4)
                0x0000000008002544                PROVIDE (__init_array_start = .)
 *(SORT_BY_NAME(.init_array.*))
 *(.init_array*)
 .init_array    0x0000000008002544        0x4 c:/st/stm32cubeide_1.12.0/stm32cubeide/plugins/com.st.stm32cube.ide.mcu.externaltools.gnu-tools-for-stm32.10.3-2021.10.win32_1.0.200.202301161003/tools/bin/../lib/gcc/arm-none-eabi/10.3.1/thumb/v7e-m+fp/hard/crtbegin.o
                0x0000000008002548                PROVIDE (__init_array_end = .)
                0x0000000008002548                . = ALIGN (0x4)

.fini_array     0x0000000008002548        0x4
                0x0000000008002548                . = ALIGN (0x4)
                [!provide]                        PROVIDE (__fini_array_start = .)
 *(SORT_BY_NAME(.fini_array.*))
 *(.fini_array*)
 .fini_array    0x0000000008002548        0x4 c:/st/stm32cubeide_1.12.0/stm32cubeide/plugins/com.st.stm32cube.ide.mcu.externaltools.gnu-tools-for-stm32.10.3-2021.10.win32_1.0.200.202301161003/tools/bin/../lib/gcc/arm-none-eabi/10.3.1/thumb/v7e-m+fp/hard/crtbegin.o
                [!provide]                        PROVIDE (__fini_array_end = .)
                0x000000000800254c                . = ALIGN (0x4)
                0x000000000800254c                _sidata = LOADADDR (.data)

.data           0x0000000020000000        0xc load address 0x000000000800254c
                0x0000000020000000                . = ALIGN (0x4)
                0x0000000020000000                _sdata = .
 *(.data)
 *(.data*)
 .data.SystemCoreClock
                0x0000000020000000        0x4 ./Core/Src/system_stm32f4xx.o
                0x0000000020000000                SystemCoreClock
 .data.uwTickPrio
                0x0000000020000004        0x4 ./Drivers/STM32F4xx_HAL_Driver/Src/stm32f4xx_hal.o
                0x0000000020000004                uwTickPrio
 .data.uwTickFreq
                0x0000000020000008        0x1 ./Drivers/STM32F4xx_HAL_Driver/Src/stm32f4xx_hal.o
                0x0000000020000008                uwTickFreq
 *(.RamFunc)
 *(.RamFunc*)
                0x000000002000000c                . = ALIGN (0x4)
 *fill*         0x0000000020000009        0x3 
                0x000000002000000c                _edata = .
                0x0000000008002558                _siccmram = LOADADDR (.ccmram)

.igot.plt       0x000000002000000c        0x0 load address 0x0000000008002558
 .igot.plt      0x000000002000000c        0x0 c:/st/stm32cubeide_1.12.0/stm32cubeide/plugins/com.st.stm32cube.ide.mcu.externaltools.gnu-tools-for-stm32.10.3-2021.10.win32_1.0.200.202301161003/tools/bin/../lib/gcc/arm-none-eabi/10.3.1/thumb/v7e-m+fp/hard/crtbegin.o

.ccmram         0x0000000010000000        0x0 load address 0x0000000008002558
                0x0000000010000000                . = ALIGN (0x4)
                0x0000000010000000                _sccmram = .
 *(.ccmram)
 *(.ccmram*)
                0x0000000010000000                . = ALIGN (0x4)
                0x0000000010000000                _eccmram = .
                0x0000000010000000                . = ALIGN (0x4)

.bss            0x000000002000000c      0x324
                0x000000002000000c                _sbss = .
                0x000000002000000c                __bss_start__ = _sbss
 *(.bss)
 .bss           0x000000002000000c       0x1c c:/st/stm32cubeide_1.12.0/stm32cubeide/plugins/com.st.stm32cube.ide.mcu.externaltools.gnu-tools-for-stm32.10.3-2021.10.win32_1.0.200.202301161003/tools/bin/../lib/gcc/arm-none-eabi/10.3.1/thumb/v7e-m+fp/hard/crtbegin.o
 *(.bss*)
 .bss.uwTick    0x0000000020000028        0x4 ./Drivers/STM32F4xx_HAL_Driver/Src/stm32f4xx_hal.o
                0x0000000020000028                uwTick
 .bss.hhcd_USB_OTG_FS
                0x000000002000002c      0x304 ./USB_HOST/Target/usbh_conf.o
                0x000000002000002c                hhcd_USB_OTG_FS
 *(COMMON)
                0x0000000020000330                . = ALIGN (0x4)
                0x0000000020000330                _ebss = .
                0x0000000020000330                __bss_end__ = _ebss

._user_heap_stack
                0x0000000020000330      0x600
                0x0000000020000330                . = ALIGN (0x8)
                [!provide]                        PROVIDE (end = .)
                0x0000000020000330                PROVIDE (_end = .)
                0x0000000020000530                . = (. + _Min_Heap_Size)
 *fill*         0x0000000020000330      0x200 
                0x0000000020000930                . = (. + _Min_Stack_Size)
 *fill*         0x0000000020000530      0x400 
                0x0000000020000930                . = ALIGN (0x8)

/DISCARD/
 libc.a(*)
 libm.a(*)
 libgcc.a(*)

.ARM.attributes
                0x0000000000000000       0x30
 *(.ARM.attributes)
 .ARM.attributes
                0x0000000000000000       0x1e c:/st/stm32cubeide_1.12.0/stm32cubeide/plugins/com.st.stm32cube.ide.mcu.externaltools.gnu-tools-for-stm32.10.3-2021.10.win32_1.0.200.202301161003/tools/bin/../lib/gcc/arm-none-eabi/10.3.1/thumb/v7e-m+fp/hard/crti.o
 .ARM.attributes
                0x000000000000001e       0x34 c:/st/stm32cubeide_1.12.0/stm32cubeide/plugins/com.st.stm32cube.ide.mcu.externaltools.gnu-tools-for-stm32.10.3-2021.10.win32_1.0.200.202301161003/tools/bin/../lib/gcc/arm-none-eabi/10.3.1/thumb/v7e-m+fp/hard/crtbegin.o
 .ARM.attributes
                0x0000000000000052       0x34 ./Core/Src/main.o
 .ARM.attributes
                0x0000000000000086       0x34 ./Core/Src/stm32f4xx_hal_msp.o
 .ARM.attributes
                0x00000000000000ba       0x34 ./Core/Src/stm32f4xx_it.o
 .ARM.attributes
                0x00000000000000ee       0x34 ./Core/Src/system_stm32f4xx.o
 .ARM.attributes
                0x0000000000000122       0x21 ./Core/Startup/startup_stm32f407vgtx.o
 .ARM.attributes
                0x0000000000000143       0x34 ./Drivers/STM32F4xx_HAL_Driver/Src/stm32f4xx_hal.o
 .ARM.attributes
                0x0000000000000177       0x34 ./Drivers/STM32F4xx_HAL_Driver/Src/stm32f4xx_hal_cortex.o
 .ARM.attributes
                0x00000000000001ab       0x34 ./Drivers/STM32F4xx_HAL_Driver/Src/stm32f4xx_hal_gpio.o
 .ARM.attributes
                0x00000000000001df       0x34 ./Drivers/STM32F4xx_HAL_Driver/Src/stm32f4xx_hal_hcd.o
 .ARM.attributes
                0x0000000000000213       0x34 ./Drivers/STM32F4xx_HAL_Driver/Src/stm32f4xx_ll_usb.o
 .ARM.attributes
                0x0000000000000247       0x34 ./Middlewares/ST/STM32_USB_Host_Library/Core/Src/usbh_core.o
 .ARM.attributes
                0x000000000000027b       0x34 ./Middlewares/ST/STM32_USB_Host_Library/Core/Src/usbh_pipes.o
 .ARM.attributes
                0x00000000000002af       0x34 ./USB_HOST/Target/usbh_conf.o
 .ARM.attributes
                0x00000000000002e3       0x34 c:/st/stm32cubeide_1.12.0/stm32cubeide/plugins/com.st.stm32cube.ide.mcu.externaltools.gnu-tools-for-stm32.10.3-2021.10.win32_1.0.200.202301161003/tools/bin/../lib/gcc/arm-none-eabi/10.3.1/../../../../arm-none-eabi/lib/thumb/v7e-m+fp/hard\libc_nano.a(lib_a-init.o)
 .ARM.attributes
                0x0000000000000317       0x1e c:/st/stm32cubeide_1.12.0/stm32cubeide/plugins/com.st.stm32cube.ide.mcu.externaltools.gnu-tools-for-stm32.10.3-2021.10.win32_1.0.200.202301161003/tools/bin/../lib/gcc/arm-none-eabi/10.3.1/thumb/v7e-m+fp/hard/crtn.o
OUTPUT(Blink Led.elf elf32-littlearm)
LOAD linker stubs
LOAD c:/st/stm32cubeide_1.12.0/stm32cubeide/plugins/com.st.stm32cube.ide.mcu.externaltools.gnu-tools-for-stm32.10.3-2021.10.win32_1.0.200.202301161003/tools/bin/../lib/gcc/arm-none-eabi/10.3.1/../../../../arm-none-eabi/lib/thumb/v7e-m+fp/hard\libc.a
LOAD c:/st/stm32cubeide_1.12.0/stm32cubeide/plugins/com.st.stm32cube.ide.mcu.externaltools.gnu-tools-for-stm32.10.3-2021.10.win32_1.0.200.202301161003/tools/bin/../lib/gcc/arm-none-eabi/10.3.1/../../../../arm-none-eabi/lib/thumb/v7e-m+fp/hard\libm.a
LOAD c:/st/stm32cubeide_1.12.0/stm32cubeide/plugins/com.st.stm32cube.ide.mcu.externaltools.gnu-tools-for-stm32.10.3-2021.10.win32_1.0.200.202301161003/tools/bin/../lib/gcc/arm-none-eabi/10.3.1/thumb/v7e-m+fp/hard\libgcc.a

.debug_info     0x0000000000000000     0xa403
 .debug_info    0x0000000000000000      0x4cb ./Core/Src/main.o
 .debug_info    0x00000000000004cb     0x105a ./Core/Src/stm32f4xx_hal_msp.o
 .debug_info    0x0000000000001525      0x675 ./Core/Src/stm32f4xx_it.o
 .debug_info    0x0000000000001b9a      0x523 ./Core/Src/system_stm32f4xx.o
 .debug_info    0x00000000000020bd       0x22 ./Core/Startup/startup_stm32f407vgtx.o
 .debug_info    0x00000000000020df      0x97c ./Drivers/STM32F4xx_HAL_Driver/Src/stm32f4xx_hal.o
 .debug_info    0x0000000000002a5b      0xe1b ./Drivers/STM32F4xx_HAL_Driver/Src/stm32f4xx_hal_cortex.o
 .debug_info    0x0000000000003876      0x76a ./Drivers/STM32F4xx_HAL_Driver/Src/stm32f4xx_hal_gpio.o
 .debug_info    0x0000000000003fe0     0x10c6 ./Drivers/STM32F4xx_HAL_Driver/Src/stm32f4xx_hal_hcd.o
 .debug_info    0x00000000000050a6     0x1a97 ./Drivers/STM32F4xx_HAL_Driver/Src/stm32f4xx_ll_usb.o
 .debug_info    0x0000000000006b3d     0x1065 ./Middlewares/ST/STM32_USB_Host_Library/Core/Src/usbh_core.o
 .debug_info    0x0000000000007ba2      0xb34 ./Middlewares/ST/STM32_USB_Host_Library/Core/Src/usbh_pipes.o
 .debug_info    0x00000000000086d6     0x1d2d ./USB_HOST/Target/usbh_conf.o

.debug_abbrev   0x0000000000000000     0x1b6c
 .debug_abbrev  0x0000000000000000      0x16c ./Core/Src/main.o
 .debug_abbrev  0x000000000000016c      0x211 ./Core/Src/stm32f4xx_hal_msp.o
 .debug_abbrev  0x000000000000037d      0x199 ./Core/Src/stm32f4xx_it.o
 .debug_abbrev  0x0000000000000516      0x116 ./Core/Src/system_stm32f4xx.o
 .debug_abbrev  0x000000000000062c       0x12 ./Core/Startup/startup_stm32f407vgtx.o
 .debug_abbrev  0x000000000000063e      0x20d ./Drivers/STM32F4xx_HAL_Driver/Src/stm32f4xx_hal.o
 .debug_abbrev  0x000000000000084b      0x316 ./Drivers/STM32F4xx_HAL_Driver/Src/stm32f4xx_hal_cortex.o
 .debug_abbrev  0x0000000000000b61      0x1c4 ./Drivers/STM32F4xx_HAL_Driver/Src/stm32f4xx_hal_gpio.o
 .debug_abbrev  0x0000000000000d25      0x27e ./Drivers/STM32F4xx_HAL_Driver/Src/stm32f4xx_hal_hcd.o
 .debug_abbrev  0x0000000000000fa3      0x296 ./Drivers/STM32F4xx_HAL_Driver/Src/stm32f4xx_ll_usb.o
 .debug_abbrev  0x0000000000001239      0x317 ./Middlewares/ST/STM32_USB_Host_Library/Core/Src/usbh_core.o
 .debug_abbrev  0x0000000000001550      0x270 ./Middlewares/ST/STM32_USB_Host_Library/Core/Src/usbh_pipes.o
 .debug_abbrev  0x00000000000017c0      0x3ac ./USB_HOST/Target/usbh_conf.o

.debug_aranges  0x0000000000000000      0x808
 .debug_aranges
                0x0000000000000000       0x30 ./Core/Src/main.o
 .debug_aranges
                0x0000000000000030       0x50 ./Core/Src/stm32f4xx_hal_msp.o
 .debug_aranges
                0x0000000000000080       0x68 ./Core/Src/stm32f4xx_it.o
 .debug_aranges
                0x00000000000000e8       0x28 ./Core/Src/system_stm32f4xx.o
 .debug_aranges
                0x0000000000000110       0x28 ./Core/Startup/startup_stm32f407vgtx.o
 .debug_aranges
                0x0000000000000138       0xf0 ./Drivers/STM32F4xx_HAL_Driver/Src/stm32f4xx_hal.o
 .debug_aranges
                0x0000000000000228      0x118 ./Drivers/STM32F4xx_HAL_Driver/Src/stm32f4xx_hal_cortex.o
 .debug_aranges
                0x0000000000000340       0x58 ./Drivers/STM32F4xx_HAL_Driver/Src/stm32f4xx_hal_gpio.o
 .debug_aranges
                0x0000000000000398       0xf8 ./Drivers/STM32F4xx_HAL_Driver/Src/stm32f4xx_hal_hcd.o
 .debug_aranges
                0x0000000000000490      0x1a0 ./Drivers/STM32F4xx_HAL_Driver/Src/stm32f4xx_ll_usb.o
 .debug_aranges
                0x0000000000000630       0xc0 ./Middlewares/ST/STM32_USB_Host_Library/Core/Src/usbh_core.o
 .debug_aranges
                0x00000000000006f0       0x40 ./Middlewares/ST/STM32_USB_Host_Library/Core/Src/usbh_pipes.o
 .debug_aranges
                0x0000000000000730       0xd8 ./USB_HOST/Target/usbh_conf.o

.debug_ranges   0x0000000000000000      0x740
 .debug_ranges  0x0000000000000000       0x20 ./Core/Src/main.o
 .debug_ranges  0x0000000000000020       0x40 ./Core/Src/stm32f4xx_hal_msp.o
 .debug_ranges  0x0000000000000060       0x58 ./Core/Src/stm32f4xx_it.o
 .debug_ranges  0x00000000000000b8       0x18 ./Core/Src/system_stm32f4xx.o
 .debug_ranges  0x00000000000000d0       0x20 ./Core/Startup/startup_stm32f407vgtx.o
 .debug_ranges  0x00000000000000f0       0xe0 ./Drivers/STM32F4xx_HAL_Driver/Src/stm32f4xx_hal.o
 .debug_ranges  0x00000000000001d0      0x108 ./Drivers/STM32F4xx_HAL_Driver/Src/stm32f4xx_hal_cortex.o
 .debug_ranges  0x00000000000002d8       0x48 ./Drivers/STM32F4xx_HAL_Driver/Src/stm32f4xx_hal_gpio.o
 .debug_ranges  0x0000000000000320       0xe8 ./Drivers/STM32F4xx_HAL_Driver/Src/stm32f4xx_hal_hcd.o
 .debug_ranges  0x0000000000000408      0x190 ./Drivers/STM32F4xx_HAL_Driver/Src/stm32f4xx_ll_usb.o
 .debug_ranges  0x0000000000000598       0xb0 ./Middlewares/ST/STM32_USB_Host_Library/Core/Src/usbh_core.o
 .debug_ranges  0x0000000000000648       0x30 ./Middlewares/ST/STM32_USB_Host_Library/Core/Src/usbh_pipes.o
 .debug_ranges  0x0000000000000678       0xc8 ./USB_HOST/Target/usbh_conf.o

.debug_macro    0x0000000000000000    0x21765
 .debug_macro   0x0000000000000000      0x369 ./Core/Src/main.o
 .debug_macro   0x0000000000000369      0xa78 ./Core/Src/main.o
 .debug_macro   0x0000000000000de1       0x22 ./Core/Src/main.o
 .debug_macro   0x0000000000000e03       0x8e ./Core/Src/main.o
 .debug_macro   0x0000000000000e91       0x51 ./Core/Src/main.o
 .debug_macro   0x0000000000000ee2      0x103 ./Core/Src/main.o
 .debug_macro   0x0000000000000fe5       0x6a ./Core/Src/main.o
 .debug_macro   0x000000000000104f      0x1df ./Core/Src/main.o
 .debug_macro   0x000000000000122e       0x52 ./Core/Src/main.o
 .debug_macro   0x0000000000001280       0x1e ./Core/Src/main.o
 .debug_macro   0x000000000000129e       0x3c ./Core/Src/main.o
 .debug_macro   0x00000000000012da       0x34 ./Core/Src/main.o
 .debug_macro   0x000000000000130e       0x16 ./Core/Src/main.o
 .debug_macro   0x0000000000001324       0x97 ./Core/Src/main.o
 .debug_macro   0x00000000000013bb      0x341 ./Core/Src/main.o
 .debug_macro   0x00000000000016fc       0xfd ./Core/Src/main.o
 .debug_macro   0x00000000000017f9       0x10 ./Core/Src/main.o
 .debug_macro   0x0000000000001809       0x16 ./Core/Src/main.o
 .debug_macro   0x000000000000181f       0x43 ./Core/Src/main.o
 .debug_macro   0x0000000000001862       0x34 ./Core/Src/main.o
 .debug_macro   0x0000000000001896       0x10 ./Core/Src/main.o
 .debug_macro   0x00000000000018a6       0x58 ./Core/Src/main.o
 .debug_macro   0x00000000000018fe       0x71 ./Core/Src/main.o
 .debug_macro   0x000000000000196f       0x1c ./Core/Src/main.o
 .debug_macro   0x000000000000198b      0x12a ./Core/Src/main.o
 .debug_macro   0x0000000000001ab5       0x10 ./Core/Src/main.o
 .debug_macro   0x0000000000001ac5       0x1c ./Core/Src/main.o
 .debug_macro   0x0000000000001ae1       0x52 ./Core/Src/main.o
 .debug_macro   0x0000000000001b33       0x22 ./Core/Src/main.o
 .debug_macro   0x0000000000001b55       0x10 ./Core/Src/main.o
 .debug_macro   0x0000000000001b65       0x52 ./Core/Src/main.o
 .debug_macro   0x0000000000001bb7       0xd5 ./Core/Src/main.o
 .debug_macro   0x0000000000001c8c       0x1c ./Core/Src/main.o
 .debug_macro   0x0000000000001ca8       0x3d ./Core/Src/main.o
 .debug_macro   0x0000000000001ce5       0x16 ./Core/Src/main.o
 .debug_macro   0x0000000000001cfb      0x145 ./Core/Src/main.o
 .debug_macro   0x0000000000001e40       0x2f ./Core/Src/main.o
 .debug_macro   0x0000000000001e6f       0x1c ./Core/Src/main.o
 .debug_macro   0x0000000000001e8b       0x22 ./Core/Src/main.o
 .debug_macro   0x0000000000001ead       0xd9 ./Core/Src/main.o
 .debug_macro   0x0000000000001f86     0x102d ./Core/Src/main.o
 .debug_macro   0x0000000000002fb3      0x11f ./Core/Src/main.o
 .debug_macro   0x00000000000030d2    0x15e82 ./Core/Src/main.o
 .debug_macro   0x0000000000018f54      0x2a7 ./Core/Src/main.o
 .debug_macro   0x00000000000191fb       0x2e ./Core/Src/main.o
 .debug_macro   0x0000000000019229       0x6d ./Core/Src/main.o
 .debug_macro   0x0000000000019296     0x367e ./Core/Src/main.o
 .debug_macro   0x000000000001c914       0x56 ./Core/Src/main.o
 .debug_macro   0x000000000001c96a      0x96b ./Core/Src/main.o
 .debug_macro   0x000000000001d2d5      0x9fe ./Core/Src/main.o
 .debug_macro   0x000000000001dcd3      0x115 ./Core/Src/main.o
 .debug_macro   0x000000000001dde8      0x13e ./Core/Src/main.o
 .debug_macro   0x000000000001df26       0xa5 ./Core/Src/main.o
 .debug_macro   0x000000000001dfcb      0x174 ./Core/Src/main.o
 .debug_macro   0x000000000001e13f      0x287 ./Core/Src/main.o
 .debug_macro   0x000000000001e3c6       0x5f ./Core/Src/main.o
 .debug_macro   0x000000000001e425      0x236 ./Core/Src/main.o
 .debug_macro   0x000000000001e65b      0x12c ./Core/Src/main.o
 .debug_macro   0x000000000001e787      0x21e ./Core/Src/main.o
 .debug_macro   0x000000000001e9a5       0x2e ./Core/Src/main.o
 .debug_macro   0x000000000001e9d3      0x1b5 ./Core/Src/main.o
 .debug_macro   0x000000000001eb88       0xd6 ./Core/Src/main.o
 .debug_macro   0x000000000001ec5e      0x1a7 ./Core/Src/main.o
 .debug_macro   0x000000000001ee05       0x46 ./Core/Src/main.o
 .debug_macro   0x000000000001ee4b       0x4a ./Core/Src/main.o
 .debug_macro   0x000000000001ee95      0x11a ./Core/Src/main.o
 .debug_macro   0x000000000001efaf       0x7e ./Core/Src/main.o
 .debug_macro   0x000000000001f02d       0x89 ./Core/Src/main.o
 .debug_macro   0x000000000001f0b6      0x225 ./Core/Src/main.o
 .debug_macro   0x000000000001f2db      0x248 ./Core/Src/main.o
 .debug_macro   0x000000000001f523       0x7c ./Core/Src/main.o
 .debug_macro   0x000000000001f59f      0x12d ./Core/Src/main.o
 .debug_macro   0x000000000001f6cc      0x215 ./Core/Src/stm32f4xx_hal_msp.o
 .debug_macro   0x000000000001f8e1      0x174 ./Core/Src/stm32f4xx_hal_msp.o
 .debug_macro   0x000000000001fa55       0x5c ./Core/Src/stm32f4xx_hal_msp.o
 .debug_macro   0x000000000001fab1      0x184 ./Core/Src/stm32f4xx_hal_msp.o
 .debug_macro   0x000000000001fc35      0x21f ./Core/Src/stm32f4xx_it.o
 .debug_macro   0x000000000001fe54      0x206 ./Core/Src/system_stm32f4xx.o
 .debug_macro   0x000000000002005a      0x266 ./Drivers/STM32F4xx_HAL_Driver/Src/stm32f4xx_hal.o
 .debug_macro   0x00000000000202c0      0x206 ./Drivers/STM32F4xx_HAL_Driver/Src/stm32f4xx_hal_cortex.o
 .debug_macro   0x00000000000204c6      0x20c ./Drivers/STM32F4xx_HAL_Driver/Src/stm32f4xx_hal_gpio.o
 .debug_macro   0x00000000000206d2      0x206 ./Drivers/STM32F4xx_HAL_Driver/Src/stm32f4xx_hal_hcd.o
 .debug_macro   0x00000000000208d8      0x206 ./Drivers/STM32F4xx_HAL_Driver/Src/stm32f4xx_ll_usb.o
 .debug_macro   0x0000000000020ade      0x431 ./Middlewares/ST/STM32_USB_Host_Library/Core/Src/usbh_core.o
 .debug_macro   0x0000000000020f0f      0x423 ./Middlewares/ST/STM32_USB_Host_Library/Core/Src/usbh_pipes.o
 .debug_macro   0x0000000000021332      0x433 ./USB_HOST/Target/usbh_conf.o

.debug_line     0x0000000000000000     0x9a9a
 .debug_line    0x0000000000000000      0x95c ./Core/Src/main.o
 .debug_line    0x000000000000095c      0x830 ./Core/Src/stm32f4xx_hal_msp.o
 .debug_line    0x000000000000118c      0x7fb ./Core/Src/stm32f4xx_it.o
 .debug_line    0x0000000000001987      0x7a2 ./Core/Src/system_stm32f4xx.o
 .debug_line    0x0000000000002129       0x88 ./Core/Startup/startup_stm32f407vgtx.o
 .debug_line    0x00000000000021b1      0xa08 ./Drivers/STM32F4xx_HAL_Driver/Src/stm32f4xx_hal.o
 .debug_line    0x0000000000002bb9      0xcb7 ./Drivers/STM32F4xx_HAL_Driver/Src/stm32f4xx_hal_cortex.o
 .debug_line    0x0000000000003870      0xb7c ./Drivers/STM32F4xx_HAL_Driver/Src/stm32f4xx_hal_gpio.o
 .debug_line    0x00000000000043ec     0x1205 ./Drivers/STM32F4xx_HAL_Driver/Src/stm32f4xx_hal_hcd.o
 .debug_line    0x00000000000055f1     0x1ac5 ./Drivers/STM32F4xx_HAL_Driver/Src/stm32f4xx_ll_usb.o
 .debug_line    0x00000000000070b6     0x11b2 ./Middlewares/ST/STM32_USB_Host_Library/Core/Src/usbh_core.o
 .debug_line    0x0000000000008268      0xab8 ./Middlewares/ST/STM32_USB_Host_Library/Core/Src/usbh_pipes.o
 .debug_line    0x0000000000008d20      0xd7a ./USB_HOST/Target/usbh_conf.o

.debug_str      0x0000000000000000    0xc8720
 .debug_str     0x0000000000000000    0xc3951 ./Core/Src/main.o
                                      0xc3bed (size before relaxing)
 .debug_str     0x00000000000c3951      0xf39 ./Core/Src/stm32f4xx_hal_msp.o
                                      0xc0dbe (size before relaxing)
 .debug_str     0x00000000000c488a      0x45c ./Core/Src/stm32f4xx_it.o
                                      0xc07aa (size before relaxing)
 .debug_str     0x00000000000c4ce6       0xdb ./Core/Src/system_stm32f4xx.o
                                      0xbfe2d (size before relaxing)
 .debug_str     0x00000000000c4dc1       0x36 ./Core/Startup/startup_stm32f407vgtx.o
                                         0x81 (size before relaxing)
 .debug_str     0x00000000000c4df7      0xae0 ./Drivers/STM32F4xx_HAL_Driver/Src/stm32f4xx_hal.o
                                      0xc09b1 (size before relaxing)
 .debug_str     0x00000000000c58d7      0x357 ./Drivers/STM32F4xx_HAL_Driver/Src/stm32f4xx_hal_cortex.o
                                      0xc06e4 (size before relaxing)
 .debug_str     0x00000000000c5c2e      0x121 ./Drivers/STM32F4xx_HAL_Driver/Src/stm32f4xx_hal_gpio.o
                                      0xbffa8 (size before relaxing)
 .debug_str     0x00000000000c5d4f      0x54c ./Drivers/STM32F4xx_HAL_Driver/Src/stm32f4xx_hal_hcd.o
                                      0xc060a (size before relaxing)
 .debug_str     0x00000000000c629b      0x525 ./Drivers/STM32F4xx_HAL_Driver/Src/stm32f4xx_ll_usb.o
                                      0xc0757 (size before relaxing)
 .debug_str     0x00000000000c67c0     0x1d50 ./Middlewares/ST/STM32_USB_Host_Library/Core/Src/usbh_core.o
                                      0xc5e1f (size before relaxing)
 .debug_str     0x00000000000c8510       0x98 ./Middlewares/ST/STM32_USB_Host_Library/Core/Src/usbh_pipes.o
                                      0xc5b5e (size before relaxing)
 .debug_str     0x00000000000c85a8      0x178 ./USB_HOST/Target/usbh_conf.o
                                      0xc6a50 (size before relaxing)

.comment        0x0000000000000000       0x50
 .comment       0x0000000000000000       0x50 ./Core/Src/main.o
                                         0x51 (size before relaxing)
 .comment       0x0000000000000050       0x51 ./Core/Src/stm32f4xx_hal_msp.o
 .comment       0x0000000000000050       0x51 ./Core/Src/stm32f4xx_it.o
 .comment       0x0000000000000050       0x51 ./Core/Src/system_stm32f4xx.o
 .comment       0x0000000000000050       0x51 ./Drivers/STM32F4xx_HAL_Driver/Src/stm32f4xx_hal.o
 .comment       0x0000000000000050       0x51 ./Drivers/STM32F4xx_HAL_Driver/Src/stm32f4xx_hal_cortex.o
 .comment       0x0000000000000050       0x51 ./Drivers/STM32F4xx_HAL_Driver/Src/stm32f4xx_hal_gpio.o
 .comment       0x0000000000000050       0x51 ./Drivers/STM32F4xx_HAL_Driver/Src/stm32f4xx_hal_hcd.o
 .comment       0x0000000000000050       0x51 ./Drivers/STM32F4xx_HAL_Driver/Src/stm32f4xx_ll_usb.o
 .comment       0x0000000000000050       0x51 ./Middlewares/ST/STM32_USB_Host_Library/Core/Src/usbh_core.o
 .comment       0x0000000000000050       0x51 ./Middlewares/ST/STM32_USB_Host_Library/Core/Src/usbh_pipes.o
 .comment       0x0000000000000050       0x51 ./USB_HOST/Target/usbh_conf.o

.debug_frame    0x0000000000000000     0x2018
 .debug_frame   0x0000000000000000       0x74 ./Core/Src/main.o
 .debug_frame   0x0000000000000074      0x10c ./Core/Src/stm32f4xx_hal_msp.o
 .debug_frame   0x0000000000000180      0x120 ./Core/Src/stm32f4xx_it.o
 .debug_frame   0x00000000000002a0       0x58 ./Core/Src/system_stm32f4xx.o
 .debug_frame   0x00000000000002f8      0x374 ./Drivers/STM32F4xx_HAL_Driver/Src/stm32f4xx_hal.o
 .debug_frame   0x000000000000066c      0x498 ./Drivers/STM32F4xx_HAL_Driver/Src/stm32f4xx_hal_cortex.o
 .debug_frame   0x0000000000000b04      0x14c ./Drivers/STM32F4xx_HAL_Driver/Src/stm32f4xx_hal_gpio.o
 .debug_frame   0x0000000000000c50      0x450 ./Drivers/STM32F4xx_HAL_Driver/Src/stm32f4xx_hal_hcd.o
 .debug_frame   0x00000000000010a0      0x7c0 ./Drivers/STM32F4xx_HAL_Driver/Src/stm32f4xx_ll_usb.o
 .debug_frame   0x0000000000001860      0x338 ./Middlewares/ST/STM32_USB_Host_Library/Core/Src/usbh_core.o
 .debug_frame   0x0000000000001b98       0xcc ./Middlewares/ST/STM32_USB_Host_Library/Core/Src/usbh_pipes.o
 .debug_frame   0x0000000000001c64      0x388 ./USB_HOST/Target/usbh_conf.o
 .debug_frame   0x0000000000001fec       0x2c c:/st/stm32cubeide_1.12.0/stm32cubeide/plugins/com.st.stm32cube.ide.mcu.externaltools.gnu-tools-for-stm32.10.3-2021.10.win32_1.0.200.202301161003/tools/bin/../lib/gcc/arm-none-eabi/10.3.1/../../../../arm-none-eabi/lib/thumb/v7e-m+fp/hard\libc_nano.a(lib_a-init.o)
